prokka 8 threads over 25 genomes
  GCF_000006765.1 annotating
    5671 CDS
  GCF_000006945.2 annotating
    4620 CDS
  GCF_000008865.2 annotating
    5373 CDS
  GCF_000009045.1 annotating
    4214 CDS
  GCF_000009085.1 annotating
    1658 CDS
  GCF_000011325.1 annotating
    3065 CDS
  GCF_000013425.1 annotating
    2630 CDS
  GCF_000022005.1 annotating
    3711 CDS
  GCF_000025985.1 annotating
    4346 CDS
  GCF_000091545.1 annotating
    2210 CDS
  GCF_000195955.2 annotating
    4069 CDS
  GCF_000196035.1 annotating
    2875 CDS
  GCF_000270265.1 annotating
    3292 CDS
  GCF_001457635.1 annotating
    2091 CDS
  GCF_001598635.1 annotating
    2651 CDS
  GCF_002151505.1 annotating
    1339 CDS
  GCF_008369605.1 annotating
    3632 CDS
  GCF_008931305.1 annotating
    7709 CDS
  GCF_013388375.1 annotating
    4102 CDS
  GCF_018885085.1 annotating
    3604 CDS
  GCF_020546685.1 annotating
    3133 CDS
  GCF_020736045.1 annotating
    1792 CDS
  GCF_022869645.1 annotating
    2058 CDS
  GCF_025998455.1 annotating
    1583 CDS
  GCF_037023865.1 annotating
    6432 CDS
=== recording prokka run provenance ===
wrote results/metrics/03_prokka_runs.json: 25 genomes, 87,860 CDS
